---
source: crates/cfgcut/tests/match_snapshots.rs
expression: snapshot
---
input: tests/fixtures/juniper_junos_set/full_lab.set
match: system||host-name lab-junos-set
---
set system
set system host-name lab-junos-set
