---
source: crates/cfgcut/tests/match_snapshots.rs
expression: snapshot
---
input: tests/fixtures/cisco_ios/full_lab.conf
match: policy-map SHAPE|>>|
---
policy-map SHAPE
 class class-default
  bandwidth percent 80
